// Jest Snapshot v1, https://goo.gl/fbAQLP

exports[`<ProjectCard/> snapShot  1`] = `null`;
